Dropbacks: 20,210
Schedule adjustment sum: -0.0000000000

Experimental leaderboard; minimum 100 dropbacks:
shape: (15, 6)
┌──────────────┬───────────┬────────────┬───────────────────┬─────────────────┬─────────────────┐
│ player       ┆ dropbacks ┆ raw_epa_db ┆ schedule_delta_db ┆ adjusted_epa_db ┆ adjusted_epa_aa │
│ ---          ┆ ---       ┆ ---        ┆ ---               ┆ ---             ┆ ---             │
│ str          ┆ u32       ┆ f64        ┆ f64               ┆ f64             ┆ f64             │
╞══════════════╪═══════════╪════════════╪═══════════════════╪═════════════════╪═════════════════╡
│ P.Mahomes    ┆ 720       ┆ 0.2907     ┆ -0.0021           ┆ 0.2886          ┆ 196.6332        │
│ T.Tagovailoa ┆ 430       ┆ 0.2204     ┆ 0.0078            ┆ 0.2281          ┆ 91.4306         │
│ J.Allen      ┆ 650       ┆ 0.2162     ┆ -0.0012           ┆ 0.2150          ┆ 129.6654        │
│ S.Darnold    ┆ 156       ┆ 0.1792     ┆ 0.0077            ┆ 0.1869          ┆ 26.7421         │
│ J.Garoppolo  ┆ 329       ┆ 0.1870     ┆ -0.0037           ┆ 0.1833          ┆ 55.2045         │
│ B.Purdy      ┆ 187       ┆ 0.1974     ┆ -0.0174           ┆ 0.1800          ┆ 30.7711         │
│ J.Goff       ┆ 624       ┆ 0.1553     ┆ 0.0037            ┆ 0.1590          ┆ 89.5686         │
│ J.Burrow     ┆ 673       ┆ 0.1484     ┆ 0.0045            ┆ 0.1530          ┆ 92.5244         │
│ T.Lawrence   ┆ 633       ┆ 0.1456     ┆ 0.0047            ┆ 0.1504          ┆ 85.3909         │
│ J.Hurts      ┆ 541       ┆ 0.1267     ┆ -0.0044           ┆ 0.1223          ┆ 57.7872         │
│ J.Brissett   ┆ 413       ┆ 0.0783     ┆ 0.0052            ┆ 0.0835          ┆ 28.0819         │
│ D.Prescott   ┆ 429       ┆ 0.0793     ┆ -0.0047           ┆ 0.0746          ┆ 25.3840         │
│ R.Tannehill  ┆ 370       ┆ 0.0652     ┆ 0.0048            ┆ 0.0699          ┆ 20.1480         │
│ D.Jones      ┆ 565       ┆ 0.0590     ┆ -0.0003           ┆ 0.0587          ┆ 24.4315         │
│ L.Jackson    ┆ 377       ┆ 0.0473     ┆ 0.0021            ┆ 0.0494          ┆ 12.7934         │
└──────────────┴───────────┴────────────┴───────────────────┴─────────────────┴─────────────────┘

Leaderboard: reports/tables/20260915T175350706181Z/opponent_adjusted_leaderboard.csv
Scored plays: data/processed/20260915T175350706181Z/schedule_adjusted_dropbacks.parquet
Manifest: data/metadata/20260915T175350706181Z/schedule_manifest.json
