Scored-play checksum verified.

Observed rates and central 95% game-resampling ranges:
shape: (15, 6)
┌──────────────┬──────────────────────┬───────────┬─────────────────┬─────────────────────┬─────────────────────┐
│ player       ┆ games_with_dropbacks ┆ dropbacks ┆ adjusted_epa_db ┆ resampled_rate_p025 ┆ resampled_rate_p975 │
│ ---          ┆ ---                  ┆ ---       ┆ ---             ┆ ---                 ┆ ---                 │
│ str          ┆ i64                  ┆ i64       ┆ f64             ┆ f64                 ┆ f64                 │
╞══════════════╪══════════════════════╪═══════════╪═════════════════╪═════════════════════╪═════════════════════╡
│ P.Mahomes    ┆ 17                   ┆ 720       ┆ 0.2886          ┆ 0.1999              ┆ 0.3938              │
│ T.Tagovailoa ┆ 13                   ┆ 430       ┆ 0.2281          ┆ 0.0625              ┆ 0.3860              │
│ J.Allen      ┆ 16                   ┆ 650       ┆ 0.2150          ┆ 0.1242              ┆ 0.3065              │
│ S.Darnold    ┆ 6                    ┆ 156       ┆ 0.1869          ┆ -0.0944             ┆ 0.4071              │
│ J.Garoppolo  ┆ 11                   ┆ 329       ┆ 0.1833          ┆ 0.0444              ┆ 0.3376              │
│ B.Purdy      ┆ 7                    ┆ 187       ┆ 0.1800          ┆ 0.0781              ┆ 0.2865              │
│ J.Goff       ┆ 17                   ┆ 624       ┆ 0.1590          ┆ 0.0274              ┆ 0.2717              │
│ J.Burrow     ┆ 16                   ┆ 673       ┆ 0.1530          ┆ 0.0208              ┆ 0.2891              │
│ T.Lawrence   ┆ 17                   ┆ 633       ┆ 0.1504          ┆ 0.0371              ┆ 0.2586              │
│ J.Hurts      ┆ 15                   ┆ 541       ┆ 0.1223          ┆ -0.0088             ┆ 0.2441              │
│ J.Brissett   ┆ 12                   ┆ 413       ┆ 0.0835          ┆ -0.0785             ┆ 0.2637              │
│ D.Prescott   ┆ 12                   ┆ 429       ┆ 0.0746          ┆ -0.0813             ┆ 0.2426              │
│ R.Tannehill  ┆ 12                   ┆ 370       ┆ 0.0699          ┆ -0.0851             ┆ 0.2187              │
│ D.Jones      ┆ 16                   ┆ 565       ┆ 0.0587          ┆ -0.0273             ┆ 0.1678              │
│ L.Jackson    ┆ 12                   ┆ 377       ┆ 0.0494          ┆ -0.0952             ┆ 0.2005              │
└──────────────┴──────────────────────┴───────────┴─────────────────┴─────────────────────┴─────────────────────┘

Report: reports/tables/20260915T175351135098Z/player_game_variability.csv
Manifest: data/metadata/20260915T175351135098Z/variability_manifest.json
