Dropbacks: 20,799
Schedule adjustment sum: 0.0000000000

Experimental leaderboard; minimum 100 dropbacks:
shape: (15, 6)
┌───────────────┬───────────┬────────────┬───────────────────┬─────────────────┬─────────────────┐
│ player        ┆ dropbacks ┆ raw_epa_db ┆ schedule_delta_db ┆ adjusted_epa_db ┆ adjusted_epa_aa │
│ ---           ┆ ---       ┆ ---        ┆ ---               ┆ ---             ┆ ---             │
│ str           ┆ u32       ┆ f64        ┆ f64               ┆ f64             ┆ f64             │
╞═══════════════╪═══════════╪════════════╪═══════════════════╪═════════════════╪═════════════════╡
│ A.Rodgers     ┆ 575       ┆ 0.2454     ┆ 0.0021            ┆ 0.2475          ┆ 119.0179        │
│ P.Mahomes     ┆ 732       ┆ 0.2169     ┆ 0.0059            ┆ 0.2227          ┆ 133.3903        │
│ T.Brady       ┆ 749       ┆ 0.1897     ┆ 0.0062            ┆ 0.1959          ┆ 116.3749        │
│ M.Stafford    ┆ 639       ┆ 0.1887     ┆ 0.0015            ┆ 0.1902          ┆ 95.6702         │
│ J.Winston     ┆ 189       ┆ 0.1764     ┆ 0.0115            ┆ 0.1879          ┆ 27.8693         │
│ D.Prescott    ┆ 646       ┆ 0.1748     ┆ -0.0015           ┆ 0.1733          ┆ 85.8080         │
│ J.Garoppolo   ┆ 473       ┆ 0.1617     ┆ 0.0046            ┆ 0.1663          ┆ 59.5026         │
│ J.Burrow      ┆ 589       ┆ 0.1719     ┆ -0.0080           ┆ 0.1638          ┆ 72.6617         │
│ J.Allen       ┆ 718       ┆ 0.1695     ┆ -0.0080           ┆ 0.1615          ┆ 86.9109         │
│ J.Herbert     ┆ 738       ┆ 0.1683     ┆ -0.0083           ┆ 0.1600          ┆ 88.1908         │
│ K.Murray      ┆ 541       ┆ 0.1418     ┆ 0.0036            ┆ 0.1454          ┆ 56.7538         │
│ K.Cousins     ┆ 599       ┆ 0.1150     ┆ 0.0024            ┆ 0.1174          ┆ 46.0582         │
│ C.McCoy       ┆ 108       ┆ 0.1205     ┆ -0.0098           ┆ 0.1106          ┆ 7.5784          │
│ T.Bridgewater ┆ 472       ┆ 0.1220     ┆ -0.0129           ┆ 0.1090          ┆ 32.3575         │
│ J.Hurts       ┆ 506       ┆ 0.0789     ┆ -0.0083           ┆ 0.0706          ┆ 15.2551         │
└───────────────┴───────────┴────────────┴───────────────────┴─────────────────┴─────────────────┘

Leaderboard: reports/tables/20260915T175348684992Z/opponent_adjusted_leaderboard.csv
Scored plays: data/processed/20260915T175348684992Z/schedule_adjusted_dropbacks.parquet
Manifest: data/metadata/20260915T175348684992Z/schedule_manifest.json
