Scored-play checksum verified.

Observed rates and central 95% game-resampling ranges:
shape: (15, 6)
┌───────────────┬──────────────────────┬───────────┬─────────────────┬─────────────────────┬─────────────────────┐
│ player        ┆ games_with_dropbacks ┆ dropbacks ┆ adjusted_epa_db ┆ resampled_rate_p025 ┆ resampled_rate_p975 │
│ ---           ┆ ---                  ┆ ---       ┆ ---             ┆ ---                 ┆ ---                 │
│ str           ┆ i64                  ┆ i64       ┆ f64             ┆ f64                 ┆ f64                 │
╞═══════════════╪══════════════════════╪═══════════╪═════════════════╪═════════════════════╪═════════════════════╡
│ A.Rodgers     ┆ 16                   ┆ 575       ┆ 0.2475          ┆ 0.1213              ┆ 0.3606              │
│ P.Mahomes     ┆ 17                   ┆ 732       ┆ 0.2227          ┆ 0.0895              ┆ 0.3633              │
│ T.Brady       ┆ 17                   ┆ 749       ┆ 0.1959          ┆ 0.0785              ┆ 0.3058              │
│ M.Stafford    ┆ 17                   ┆ 639       ┆ 0.1902          ┆ 0.0441              ┆ 0.3420              │
│ J.Winston     ┆ 7                    ┆ 189       ┆ 0.1879          ┆ -0.1068             ┆ 0.5294              │
│ D.Prescott    ┆ 16                   ┆ 646       ┆ 0.1733          ┆ 0.0121              ┆ 0.3376              │
│ J.Garoppolo   ┆ 15                   ┆ 473       ┆ 0.1663          ┆ 0.0370              ┆ 0.3064              │
│ J.Burrow      ┆ 16                   ┆ 589       ┆ 0.1638          ┆ -0.0100             ┆ 0.3344              │
│ J.Allen       ┆ 17                   ┆ 718       ┆ 0.1615          ┆ 0.0532              ┆ 0.2807              │
│ J.Herbert     ┆ 17                   ┆ 738       ┆ 0.1600          ┆ 0.0402              ┆ 0.2714              │
│ K.Murray      ┆ 14                   ┆ 541       ┆ 0.1454          ┆ 0.0163              ┆ 0.2801              │
│ K.Cousins     ┆ 16                   ┆ 599       ┆ 0.1174          ┆ -0.0032             ┆ 0.2354              │
│ C.McCoy       ┆ 4                    ┆ 108       ┆ 0.1106          ┆ -0.5673             ┆ 0.4447              │
│ T.Bridgewater ┆ 14                   ┆ 472       ┆ 0.1090          ┆ -0.0256             ┆ 0.2477              │
│ J.Hurts       ┆ 15                   ┆ 506       ┆ 0.0706          ┆ -0.0818             ┆ 0.2119              │
└───────────────┴──────────────────────┴───────────┴─────────────────┴─────────────────────┴─────────────────────┘

Report: reports/tables/20260915T175349171319Z/player_game_variability.csv
Manifest: data/metadata/20260915T175349171319Z/variability_manifest.json
