Dropbacks: 19,669
Schedule adjustment sum: -0.0000000000

Experimental leaderboard; minimum 100 dropbacks:
shape: (15, 6)
┌──────────────────┬───────────┬────────────┬───────────────────┬─────────────────┬─────────────────┐
│ player           ┆ dropbacks ┆ raw_epa_db ┆ schedule_delta_db ┆ adjusted_epa_db ┆ adjusted_epa_aa │
│ ---              ┆ ---       ┆ ---        ┆ ---               ┆ ---             ┆ ---             │
│ str              ┆ u32       ┆ f64        ┆ f64               ┆ f64             ┆ f64             │
╞══════════════════╪═══════════╪════════════╪═══════════════════╪═════════════════╪═════════════════╡
│ P.Mahomes        ┆ 633       ┆ 0.3595     ┆ 0.0052            ┆ 0.3647          ┆ 195.2105        │
│ D.Brees          ┆ 510       ┆ 0.2856     ┆ 0.0006            ┆ 0.2861          ┆ 117.2185        │
│ P.Rivers         ┆ 545       ┆ 0.2234     ┆ 0.0001            ┆ 0.2235          ┆ 91.1357         │
│ J.Goff           ┆ 612       ┆ 0.1934     ┆ 0.0048            ┆ 0.1981          ┆ 86.7919         │
│ B.Roethlisberger ┆ 708       ┆ 0.1869     ┆ 0.0058            ┆ 0.1927          ┆ 96.5570         │
│ M.Ryan           ┆ 666       ┆ 0.1771     ┆ -0.0045           ┆ 0.1726          ┆ 77.4276         │
│ R.Wilson         ┆ 499       ┆ 0.1717     ┆ -0.0013           ┆ 0.1704          ┆ 56.9554         │
│ R.Fitzpatrick    ┆ 283       ┆ 0.1663     ┆ 0.0026            ┆ 0.1689          ┆ 31.8704         │
│ T.Brady          ┆ 594       ┆ 0.1513     ┆ 0.0029            ┆ 0.1542          ┆ 58.1510         │
│ M.Trubisky       ┆ 493       ┆ 0.1451     ┆ -0.0024           ┆ 0.1428          ┆ 42.6253         │
│ A.Luck           ┆ 676       ┆ 0.1406     ┆ -0.0000           ┆ 0.1406          ┆ 56.9553         │
│ J.Winston        ┆ 440       ┆ 0.1412     ┆ -0.0048           ┆ 0.1364          ┆ 35.2356         │
│ A.Rodgers        ┆ 677       ┆ 0.1116     ┆ 0.0120            ┆ 0.1236          ┆ 45.5753         │
│ D.Watson         ┆ 619       ┆ 0.1134     ┆ 0.0036            ┆ 0.1170          ┆ 37.5978         │
│ N.Mullens        ┆ 288       ┆ 0.1067     ┆ -0.0014           ┆ 0.1053          ┆ 14.1135         │
└──────────────────┴───────────┴────────────┴───────────────────┴─────────────────┴─────────────────┘

Leaderboard: reports/tables/20260915T175342684140Z/opponent_adjusted_leaderboard.csv
Scored plays: data/processed/20260915T175342684140Z/schedule_adjusted_dropbacks.parquet
Manifest: data/metadata/20260915T175342684140Z/schedule_manifest.json
