Scored-play checksum verified.

Observed rates and central 95% game-resampling ranges:
shape: (15, 6)
┌──────────────────┬──────────────────────┬───────────┬─────────────────┬─────────────────────┬─────────────────────┐
│ player           ┆ games_with_dropbacks ┆ dropbacks ┆ adjusted_epa_db ┆ resampled_rate_p025 ┆ resampled_rate_p975 │
│ ---              ┆ ---                  ┆ ---       ┆ ---             ┆ ---                 ┆ ---                 │
│ str              ┆ i64                  ┆ i64       ┆ f64             ┆ f64                 ┆ f64                 │
╞══════════════════╪══════════════════════╪═══════════╪═════════════════╪═════════════════════╪═════════════════════╡
│ P.Mahomes        ┆ 16                   ┆ 633       ┆ 0.3647          ┆ 0.2854              ┆ 0.4627              │
│ D.Brees          ┆ 15                   ┆ 510       ┆ 0.2861          ┆ 0.1146              ┆ 0.4623              │
│ P.Rivers         ┆ 16                   ┆ 545       ┆ 0.2235          ┆ 0.0761              ┆ 0.3551              │
│ J.Goff           ┆ 16                   ┆ 612       ┆ 0.1981          ┆ 0.0521              ┆ 0.3484              │
│ B.Roethlisberger ┆ 16                   ┆ 708       ┆ 0.1927          ┆ 0.0719              ┆ 0.3314              │
│ M.Ryan           ┆ 16                   ┆ 666       ┆ 0.1726          ┆ 0.0523              ┆ 0.2888              │
│ R.Wilson         ┆ 16                   ┆ 499       ┆ 0.1704          ┆ 0.0175              ┆ 0.3246              │
│ R.Fitzpatrick    ┆ 8                    ┆ 283       ┆ 0.1689          ┆ -0.0449             ┆ 0.4448              │
│ T.Brady          ┆ 16                   ┆ 594       ┆ 0.1542          ┆ 0.0188              ┆ 0.2674              │
│ M.Trubisky       ┆ 14                   ┆ 493       ┆ 0.1428          ┆ 0.0014              ┆ 0.3068              │
│ A.Luck           ┆ 16                   ┆ 676       ┆ 0.1406          ┆ 0.0301              ┆ 0.2684              │
│ J.Winston        ┆ 11                   ┆ 440       ┆ 0.1364          ┆ 0.0050              ┆ 0.2852              │
│ A.Rodgers        ┆ 16                   ┆ 677       ┆ 0.1236          ┆ 0.0491              ┆ 0.1886              │
│ D.Watson         ┆ 16                   ┆ 619       ┆ 0.1170          ┆ 0.0087              ┆ 0.2165              │
│ N.Mullens        ┆ 8                    ┆ 288       ┆ 0.1053          ┆ -0.0422             ┆ 0.2817              │
└──────────────────┴──────────────────────┴───────────┴─────────────────┴─────────────────────┴─────────────────────┘

Report: reports/tables/20260915T175343107967Z/player_game_variability.csv
Manifest: data/metadata/20260915T175343107967Z/variability_manifest.json
