Snapshot checksum verified.

Sequential cohort exclusions:
  regular_season: excluded 1,977; remaining 45,268
  flagged_dropback: excluded 25,854; remaining 19,414
  not_two_point_attempt: excluded 58; remaining 19,356
  not_spike: excluded 0; remaining 19,356
  not_kneel: excluded 0; remaining 19,356
  supported_play_type: excluded 0; remaining 19,356
  finite_epa: excluded 0; remaining 19,356

Final dropbacks: 19,356
Identity fallbacks: 0
Player-season rows: 94

League reference:
shape: (1, 3)
┌────────┬──────────────────┬─────────────────────────┐
│ season ┆ league_dropbacks ┆ league_epa_per_dropback │
│ ---    ┆ ---              ┆ ---                     │
│ i32    ┆ u32              ┆ f64                     │
╞════════╪══════════════════╪═════════════════════════╡
│ 2017   ┆ 19356            ┆ 0.005666                │
└────────┴──────────────────┴─────────────────────────┘

Efficiency: minimum 100 dropbacks
shape: (10, 5)
┌────────┬──────────────────┬───────────┬──────────────────┬───────────────────┐
│ season ┆ player           ┆ dropbacks ┆ epa_per_dropback ┆ epa_above_average │
│ ---    ┆ ---              ┆ ---       ┆ ---              ┆ ---               │
│ i32    ┆ str              ┆ u32       ┆ f64              ┆ f64               │
╞════════╪══════════════════╪═══════════╪══════════════════╪═══════════════════╡
│ 2017   ┆ J.Garoppolo      ┆ 188       ┆ 0.321            ┆ 59.333            │
│ 2017   ┆ T.Brady          ┆ 622       ┆ 0.221            ┆ 134.219           │
│ 2017   ┆ C.Wentz          ┆ 498       ┆ 0.204            ┆ 98.933            │
│ 2017   ┆ A.Smith          ┆ 572       ┆ 0.188            ┆ 104.169           │
│ 2017   ┆ P.Rivers         ┆ 593       ┆ 0.186            ┆ 106.833           │
│ 2017   ┆ D.Watson         ┆ 240       ┆ 0.169            ┆ 39.205            │
│ 2017   ┆ J.Goff           ┆ 510       ┆ 0.157            ┆ 77.422            │
│ 2017   ┆ D.Brees          ┆ 558       ┆ 0.155            ┆ 83.097            │
│ 2017   ┆ M.Ryan           ┆ 567       ┆ 0.152            ┆ 83.165            │
│ 2017   ┆ B.Roethlisberger ┆ 589       ┆ 0.152            ┆ 85.950            │
└────────┴──────────────────┴───────────┴──────────────────┴───────────────────┘

Accumulated value above average: minimum 100 dropbacks
shape: (10, 5)
┌────────┬──────────────────┬───────────┬──────────────────┬───────────────────┐
│ season ┆ player           ┆ dropbacks ┆ epa_per_dropback ┆ epa_above_average │
│ ---    ┆ ---              ┆ ---       ┆ ---              ┆ ---               │
│ i32    ┆ str              ┆ u32       ┆ f64              ┆ f64               │
╞════════╪══════════════════╪═══════════╪══════════════════╪═══════════════════╡
│ 2017   ┆ T.Brady          ┆ 622       ┆ 0.221            ┆ 134.219           │
│ 2017   ┆ P.Rivers         ┆ 593       ┆ 0.186            ┆ 106.833           │
│ 2017   ┆ A.Smith          ┆ 572       ┆ 0.188            ┆ 104.169           │
│ 2017   ┆ C.Wentz          ┆ 498       ┆ 0.204            ┆ 98.933            │
│ 2017   ┆ B.Roethlisberger ┆ 589       ┆ 0.152            ┆ 85.950            │
│ 2017   ┆ M.Ryan           ┆ 567       ┆ 0.152            ┆ 83.165            │
│ 2017   ┆ D.Brees          ┆ 558       ┆ 0.155            ┆ 83.097            │
│ 2017   ┆ J.Goff           ┆ 510       ┆ 0.157            ┆ 77.422            │
│ 2017   ┆ C.Keenum         ┆ 522       ┆ 0.127            ┆ 63.255            │
│ 2017   ┆ J.Garoppolo      ┆ 188       ┆ 0.321            ┆ 59.333            │
└────────┴──────────────────┴───────────┴──────────────────┴───────────────────┘

Cohort: data/processed/20260915T175339151971Z/dropbacks.parquet
Leaderboard: reports/tables/20260915T175339151971Z/passing_baseline.csv
Manifest: data/metadata/20260915T175339151971Z/cohort_manifest.json
