Dropbacks: 19,356
Schedule adjustment sum: -0.0000000000

Experimental leaderboard; minimum 100 dropbacks:
shape: (15, 6)
┌──────────────────┬───────────┬────────────┬───────────────────┬─────────────────┬─────────────────┐
│ player           ┆ dropbacks ┆ raw_epa_db ┆ schedule_delta_db ┆ adjusted_epa_db ┆ adjusted_epa_aa │
│ ---              ┆ ---       ┆ ---        ┆ ---               ┆ ---             ┆ ---             │
│ str              ┆ u32       ┆ f64        ┆ f64               ┆ f64             ┆ f64             │
╞══════════════════╪═══════════╪════════════╪═══════════════════╪═════════════════╪═════════════════╡
│ J.Garoppolo      ┆ 188       ┆ 0.3213     ┆ 0.0201            ┆ 0.3414          ┆ 63.1167         │
│ C.Wentz          ┆ 498       ┆ 0.2043     ┆ 0.0097            ┆ 0.2141          ┆ 103.7829        │
│ T.Brady          ┆ 622       ┆ 0.2215     ┆ -0.0087           ┆ 0.2127          ┆ 128.8028        │
│ A.Smith          ┆ 572       ┆ 0.1878     ┆ -0.0077           ┆ 0.1801          ┆ 99.7581         │
│ P.Rivers         ┆ 593       ┆ 0.1858     ┆ -0.0059           ┆ 0.1800          ┆ 103.3629        │
│ J.Goff           ┆ 510       ┆ 0.1575     ┆ 0.0101            ┆ 0.1676          ┆ 82.5954         │
│ D.Watson         ┆ 240       ┆ 0.1690     ┆ -0.0028           ┆ 0.1662          ┆ 38.5397         │
│ B.Roethlisberger ┆ 589       ┆ 0.1516     ┆ 0.0025            ┆ 0.1541          ┆ 87.4168         │
│ D.Brees          ┆ 558       ┆ 0.1546     ┆ -0.0017           ┆ 0.1529          ┆ 82.1655         │
│ M.Ryan           ┆ 567       ┆ 0.1523     ┆ -0.0032           ┆ 0.1491          ┆ 81.3296         │
│ C.Keenum         ┆ 522       ┆ 0.1268     ┆ -0.0007           ┆ 0.1262          ┆ 62.9099         │
│ A.Rodgers        ┆ 275       ┆ 0.1119     ┆ 0.0122            ┆ 0.1241          ┆ 32.5558         │
│ J.Winston        ┆ 495       ┆ 0.0844     ┆ 0.0100            ┆ 0.0944          ┆ 43.9402         │
│ M.Stafford       ┆ 629       ┆ 0.0629     ┆ 0.0089            ┆ 0.0718          ┆ 41.5863         │
│ R.Wilson         ┆ 645       ┆ 0.0670     ┆ -0.0012           ┆ 0.0659          ┆ 38.8313         │
└──────────────────┴───────────┴────────────┴───────────────────┴─────────────────┴─────────────────┘

Leaderboard: reports/tables/20260915T175340639851Z/opponent_adjusted_leaderboard.csv
Scored plays: data/processed/20260915T175340639851Z/schedule_adjusted_dropbacks.parquet
Manifest: data/metadata/20260915T175340639851Z/schedule_manifest.json
