Scored-play checksum verified.

Observed rates and central 95% game-resampling ranges:
shape: (15, 6)
┌──────────────────┬──────────────────────┬───────────┬─────────────────┬─────────────────────┬─────────────────────┐
│ player           ┆ games_with_dropbacks ┆ dropbacks ┆ adjusted_epa_db ┆ resampled_rate_p025 ┆ resampled_rate_p975 │
│ ---              ┆ ---                  ┆ ---       ┆ ---             ┆ ---                 ┆ ---                 │
│ str              ┆ i64                  ┆ i64       ┆ f64             ┆ f64                 ┆ f64                 │
╞══════════════════╪══════════════════════╪═══════════╪═════════════════╪═════════════════════╪═════════════════════╡
│ J.Garoppolo      ┆ 6                    ┆ 188       ┆ 0.3414          ┆ 0.2789              ┆ 0.4411              │
│ C.Wentz          ┆ 13                   ┆ 498       ┆ 0.2141          ┆ 0.0837              ┆ 0.3481              │
│ T.Brady          ┆ 16                   ┆ 622       ┆ 0.2127          ┆ 0.1048              ┆ 0.3249              │
│ A.Smith          ┆ 15                   ┆ 572       ┆ 0.1801          ┆ 0.0320              ┆ 0.3291              │
│ P.Rivers         ┆ 16                   ┆ 593       ┆ 0.1800          ┆ 0.0471              ┆ 0.3236              │
│ J.Goff           ┆ 15                   ┆ 510       ┆ 0.1676          ┆ 0.0322              ┆ 0.3240              │
│ D.Watson         ┆ 7                    ┆ 240       ┆ 0.1662          ┆ -0.0832             ┆ 0.3746              │
│ B.Roethlisberger ┆ 15                   ┆ 589       ┆ 0.1541          ┆ 0.0411              ┆ 0.2497              │
│ D.Brees          ┆ 16                   ┆ 558       ┆ 0.1529          ┆ 0.0465              ┆ 0.2554              │
│ M.Ryan           ┆ 16                   ┆ 567       ┆ 0.1491          ┆ 0.0384              ┆ 0.2629              │
│ C.Keenum         ┆ 15                   ┆ 522       ┆ 0.1262          ┆ -0.0081             ┆ 0.2731              │
│ A.Rodgers        ┆ 7                    ┆ 275       ┆ 0.1241          ┆ 0.0123              ┆ 0.2567              │
│ J.Winston        ┆ 13                   ┆ 495       ┆ 0.0944          ┆ -0.0299             ┆ 0.2114              │
│ M.Stafford       ┆ 16                   ┆ 629       ┆ 0.0718          ┆ -0.0609             ┆ 0.2268              │
│ R.Wilson         ┆ 16                   ┆ 645       ┆ 0.0659          ┆ -0.0541             ┆ 0.1708              │
└──────────────────┴──────────────────────┴───────────┴─────────────────┴─────────────────────┴─────────────────────┘

Report: reports/tables/20260915T175341158045Z/player_game_variability.csv
Manifest: data/metadata/20260915T175341158045Z/variability_manifest.json
