Dropbacks: 20,116
Schedule adjustment sum: -0.0000000000

Experimental leaderboard; minimum 100 dropbacks:
shape: (15, 6)
┌──────────────┬───────────┬────────────┬───────────────────┬─────────────────┬─────────────────┐
│ player       ┆ dropbacks ┆ raw_epa_db ┆ schedule_delta_db ┆ adjusted_epa_db ┆ adjusted_epa_aa │
│ ---          ┆ ---       ┆ ---        ┆ ---               ┆ ---             ┆ ---             │
│ str          ┆ u32       ┆ f64        ┆ f64               ┆ f64             ┆ f64             │
╞══════════════╪═══════════╪════════════╪═══════════════════╪═════════════════╪═════════════════╡
│ L.Jackson    ┆ 538       ┆ 0.3561     ┆ 0.0028            ┆ 0.3589          ┆ 164.9064        │
│ J.Allen      ┆ 539       ┆ 0.3041     ┆ -0.0057           ┆ 0.2984          ┆ 132.6279        │
│ J.Goff       ┆ 581       ┆ 0.2769     ┆ 0.0023            ┆ 0.2792          ┆ 131.8049        │
│ T.Tagovailoa ┆ 425       ┆ 0.2198     ┆ -0.0075           ┆ 0.2123          ┆ 67.9946         │
│ B.Mayfield   ┆ 651       ┆ 0.1965     ┆ -0.0038           ┆ 0.1927          ┆ 91.3527         │
│ B.Purdy      ┆ 525       ┆ 0.1862     ┆ 0.0013            ┆ 0.1875          ┆ 70.9712         │
│ J.Burrow     ┆ 721       ┆ 0.1682     ┆ 0.0064            ┆ 0.1746          ┆ 88.1370         │
│ J.Daniels    ┆ 597       ┆ 0.1765     ┆ -0.0039           ┆ 0.1726          ┆ 71.7758         │
│ P.Mahomes    ┆ 652       ┆ 0.1587     ┆ 0.0035            ┆ 0.1622          ┆ 71.6231         │
│ J.Hurts      ┆ 437       ┆ 0.1721     ┆ -0.0149           ┆ 0.1572          ┆ 45.8112         │
│ J.Love       ┆ 451       ┆ 0.1309     ┆ 0.0145            ┆ 0.1455          ┆ 41.9947         │
│ J.Herbert    ┆ 573       ┆ 0.1299     ┆ 0.0032            ┆ 0.1331          ┆ 46.2762         │
│ D.Carr       ┆ 295       ┆ 0.1417     ┆ -0.0146           ┆ 0.1272          ┆ 22.0707         │
│ K.Murray     ┆ 611       ┆ 0.1111     ┆ 0.0086            ┆ 0.1197          ┆ 41.1460         │
│ M.Penix      ┆ 113       ┆ 0.1364     ┆ -0.0279           ┆ 0.1085          ┆ 6.3432          │
└──────────────┴───────────┴────────────┴───────────────────┴─────────────────┴─────────────────┘

Leaderboard: reports/tables/20260915T175355439387Z/opponent_adjusted_leaderboard.csv
Scored plays: data/processed/20260915T175355439387Z/schedule_adjusted_dropbacks.parquet
Manifest: data/metadata/20260915T175355439387Z/schedule_manifest.json
