Scored-play checksum verified.

Observed rates and central 95% game-resampling ranges:
shape: (15, 6)
┌──────────────┬──────────────────────┬───────────┬─────────────────┬─────────────────────┬─────────────────────┐
│ player       ┆ games_with_dropbacks ┆ dropbacks ┆ adjusted_epa_db ┆ resampled_rate_p025 ┆ resampled_rate_p975 │
│ ---          ┆ ---                  ┆ ---       ┆ ---             ┆ ---                 ┆ ---                 │
│ str          ┆ i64                  ┆ i64       ┆ f64             ┆ f64                 ┆ f64                 │
╞══════════════╪══════════════════════╪═══════════╪═════════════════╪═════════════════════╪═════════════════════╡
│ L.Jackson    ┆ 17                   ┆ 538       ┆ 0.3589          ┆ 0.2112              ┆ 0.5323              │
│ J.Allen      ┆ 16                   ┆ 539       ┆ 0.2984          ┆ 0.1673              ┆ 0.4284              │
│ J.Goff       ┆ 17                   ┆ 581       ┆ 0.2792          ┆ 0.1138              ┆ 0.4501              │
│ T.Tagovailoa ┆ 11                   ┆ 425       ┆ 0.2123          ┆ 0.0440              ┆ 0.3699              │
│ B.Mayfield   ┆ 17                   ┆ 651       ┆ 0.1927          ┆ 0.0475              ┆ 0.3397              │
│ B.Purdy      ┆ 15                   ┆ 525       ┆ 0.1875          ┆ 0.0415              ┆ 0.3292              │
│ J.Burrow     ┆ 17                   ┆ 721       ┆ 0.1746          ┆ 0.0801              ┆ 0.2631              │
│ J.Daniels    ┆ 17                   ┆ 597       ┆ 0.1726          ┆ 0.0574              ┆ 0.2872              │
│ P.Mahomes    ┆ 16                   ┆ 652       ┆ 0.1622          ┆ 0.0776              ┆ 0.2480              │
│ J.Hurts      ┆ 15                   ┆ 437       ┆ 0.1572          ┆ 0.0240              ┆ 0.2905              │
│ J.Love       ┆ 15                   ┆ 451       ┆ 0.1455          ┆ 0.0373              ┆ 0.2732              │
│ J.Herbert    ┆ 17                   ┆ 573       ┆ 0.1331          ┆ 0.0059              ┆ 0.2590              │
│ D.Carr       ┆ 10                   ┆ 295       ┆ 0.1272          ┆ 0.0348              ┆ 0.2603              │
│ K.Murray     ┆ 17                   ┆ 611       ┆ 0.1197          ┆ 0.0141              ┆ 0.2449              │
│ M.Penix      ┆ 5                    ┆ 113       ┆ 0.1085          ┆ 0.0146              ┆ 0.2595              │
└──────────────┴──────────────────────┴───────────┴─────────────────┴─────────────────────┴─────────────────────┘

Report: reports/tables/20260915T175356141630Z/player_game_variability.csv
Manifest: data/metadata/20260915T175356141630Z/variability_manifest.json
