Dropbacks: 20,693
Schedule adjustment sum: 0.0000000000

Experimental leaderboard; minimum 100 dropbacks:
shape: (15, 6)
┌──────────────┬───────────┬────────────┬───────────────────┬─────────────────┬─────────────────┐
│ player       ┆ dropbacks ┆ raw_epa_db ┆ schedule_delta_db ┆ adjusted_epa_db ┆ adjusted_epa_aa │
│ ---          ┆ ---       ┆ ---        ┆ ---               ┆ ---             ┆ ---             │
│ str          ┆ u32       ┆ f64        ┆ f64               ┆ f64             ┆ f64             │
╞══════════════╪═══════════╪════════════╪═══════════════════╪═════════════════╪═════════════════╡
│ B.Purdy      ┆ 486       ┆ 0.3115     ┆ 0.0022            ┆ 0.3137          ┆ 153.0112        │
│ D.Prescott   ┆ 656       ┆ 0.2044     ┆ -0.0087           ┆ 0.1957          ┆ 129.1394        │
│ T.Tagovailoa ┆ 603       ┆ 0.1780     ┆ 0.0065            ┆ 0.1845          ┆ 111.9433        │
│ J.Allen      ┆ 649       ┆ 0.1657     ┆ 0.0012            ┆ 0.1669          ┆ 109.0677        │
│ J.Browning   ┆ 283       ┆ 0.1162     ┆ 0.0281            ┆ 0.1443          ┆ 41.1542         │
│ J.Love       ┆ 631       ┆ 0.1289     ┆ -0.0029           ┆ 0.1260          ┆ 80.2046         │
│ C.Stroud     ┆ 554       ┆ 0.1139     ┆ -0.0021           ┆ 0.1118          ┆ 62.5644         │
│ J.Goff       ┆ 638       ┆ 0.1065     ┆ -0.0000           ┆ 0.1065          ┆ 68.6677         │
│ L.Jackson    ┆ 559       ┆ 0.1021     ┆ -0.0030           ┆ 0.0991          ┆ 56.0118         │
│ J.Hurts      ┆ 622       ┆ 0.0969     ┆ -0.0017           ┆ 0.0952          ┆ 59.9379         │
│ M.Stafford   ┆ 562       ┆ 0.0945     ┆ 0.0006            ┆ 0.0951          ┆ 54.0749         │
│ P.Mahomes    ┆ 672       ┆ 0.0956     ┆ -0.0089           ┆ 0.0867          ┆ 59.0496         │
│ N.Mullens    ┆ 164       ┆ 0.0994     ┆ -0.0198           ┆ 0.0795          ┆ 13.2306         │
│ B.Mayfield   ┆ 636       ┆ 0.0745     ┆ 0.0018            ┆ 0.0763          ┆ 49.2374         │
│ K.Cousins    ┆ 329       ┆ 0.0671     ┆ -0.0003           ┆ 0.0668          ┆ 22.3422         │
└──────────────┴───────────┴────────────┴───────────────────┴─────────────────┴─────────────────┘

Leaderboard: reports/tables/20260915T175353128188Z/opponent_adjusted_leaderboard.csv
Scored plays: data/processed/20260915T175353128188Z/schedule_adjusted_dropbacks.parquet
Manifest: data/metadata/20260915T175353128188Z/schedule_manifest.json
