Scored-play checksum verified.

Observed rates and central 95% game-resampling ranges:
shape: (15, 6)
┌──────────────┬──────────────────────┬───────────┬─────────────────┬─────────────────────┬─────────────────────┐
│ player       ┆ games_with_dropbacks ┆ dropbacks ┆ adjusted_epa_db ┆ resampled_rate_p025 ┆ resampled_rate_p975 │
│ ---          ┆ ---                  ┆ ---       ┆ ---             ┆ ---                 ┆ ---                 │
│ str          ┆ i64                  ┆ i64       ┆ f64             ┆ f64                 ┆ f64                 │
╞══════════════╪══════════════════════╪═══════════╪═════════════════╪═════════════════════╪═════════════════════╡
│ B.Purdy      ┆ 16                   ┆ 486       ┆ 0.3137          ┆ 0.1281              ┆ 0.4960              │
│ D.Prescott   ┆ 17                   ┆ 656       ┆ 0.1957          ┆ 0.0853              ┆ 0.3035              │
│ T.Tagovailoa ┆ 17                   ┆ 603       ┆ 0.1845          ┆ 0.0405              ┆ 0.3399              │
│ J.Allen      ┆ 17                   ┆ 649       ┆ 0.1669          ┆ 0.0709              ┆ 0.2636              │
│ J.Browning   ┆ 9                    ┆ 283       ┆ 0.1443          ┆ -0.0205             ┆ 0.3085              │
│ J.Love       ┆ 17                   ┆ 631       ┆ 0.1260          ┆ -0.0043             ┆ 0.2581              │
│ C.Stroud     ┆ 15                   ┆ 554       ┆ 0.1118          ┆ -0.0197             ┆ 0.2422              │
│ J.Goff       ┆ 17                   ┆ 638       ┆ 0.1065          ┆ -0.0035             ┆ 0.2184              │
│ L.Jackson    ┆ 16                   ┆ 559       ┆ 0.0991          ┆ -0.0666             ┆ 0.2832              │
│ J.Hurts      ┆ 17                   ┆ 622       ┆ 0.0952          ┆ -0.0286             ┆ 0.2072              │
│ M.Stafford   ┆ 15                   ┆ 562       ┆ 0.0951          ┆ -0.0154             ┆ 0.2154              │
│ P.Mahomes    ┆ 16                   ┆ 672       ┆ 0.0867          ┆ -0.0414             ┆ 0.2230              │
│ N.Mullens    ┆ 5                    ┆ 164       ┆ 0.0795          ┆ -0.0451             ┆ 0.2132              │
│ B.Mayfield   ┆ 17                   ┆ 636       ┆ 0.0763          ┆ -0.0370             ┆ 0.1994              │
│ K.Cousins    ┆ 8                    ┆ 329       ┆ 0.0668          ┆ -0.1019             ┆ 0.2434              │
└──────────────┴──────────────────────┴───────────┴─────────────────┴─────────────────────┴─────────────────────┘

Report: reports/tables/20260915T175353574920Z/player_game_variability.csv
Manifest: data/metadata/20260915T175353574920Z/variability_manifest.json
