Snapshot checksum verified.

Sequential cohort exclusions:
  regular_season: excluded 2,299; remaining 45,406
  flagged_dropback: excluded 25,382; remaining 20,024
  not_two_point_attempt: excluded 92; remaining 19,932
  not_spike: excluded 0; remaining 19,932
  not_kneel: excluded 0; remaining 19,932
  supported_play_type: excluded 0; remaining 19,932
  finite_epa: excluded 0; remaining 19,932

Final dropbacks: 19,932
Identity fallbacks: 2
Player-season rows: 119

League reference:
shape: (1, 3)
┌────────┬──────────────────┬─────────────────────────┐
│ season ┆ league_dropbacks ┆ league_epa_per_dropback │
│ ---    ┆ ---              ┆ ---                     │
│ i32    ┆ u32              ┆ f64                     │
╞════════╪══════════════════╪═════════════════════════╡
│ 2020   ┆ 19932            ┆ 0.077885                │
└────────┴──────────────────┴─────────────────────────┘

Efficiency: minimum 100 dropbacks
shape: (10, 5)
┌────────┬───────────────┬───────────┬──────────────────┬───────────────────┐
│ season ┆ player        ┆ dropbacks ┆ epa_per_dropback ┆ epa_above_average │
│ ---    ┆ ---           ┆ ---       ┆ ---              ┆ ---               │
│ i32    ┆ str           ┆ u32       ┆ f64              ┆ f64               │
╞════════╪═══════════════╪═══════════╪══════════════════╪═══════════════════╡
│ 2020   ┆ A.Rodgers     ┆ 567       ┆ 0.341            ┆ 149.160           │
│ 2020   ┆ P.Mahomes     ┆ 649       ┆ 0.291            ┆ 138.453           │
│ 2020   ┆ J.Allen       ┆ 627       ┆ 0.289            ┆ 132.062           │
│ 2020   ┆ R.Tannehill   ┆ 525       ┆ 0.256            ┆ 93.314            │
│ 2020   ┆ D.Watson      ┆ 653       ┆ 0.219            ┆ 92.434            │
│ 2020   ┆ T.Brady       ┆ 631       ┆ 0.190            ┆ 71.026            │
│ 2020   ┆ R.Fitzpatrick ┆ 295       ┆ 0.178            ┆ 29.629            │
│ 2020   ┆ L.Jackson     ┆ 451       ┆ 0.175            ┆ 43.692            │
│ 2020   ┆ B.Mayfield    ┆ 532       ┆ 0.168            ┆ 47.806            │
│ 2020   ┆ P.Rivers      ┆ 560       ┆ 0.167            ┆ 49.783            │
└────────┴───────────────┴───────────┴──────────────────┴───────────────────┘

Accumulated value above average: minimum 100 dropbacks
shape: (10, 5)
┌────────┬─────────────┬───────────┬──────────────────┬───────────────────┐
│ season ┆ player      ┆ dropbacks ┆ epa_per_dropback ┆ epa_above_average │
│ ---    ┆ ---         ┆ ---       ┆ ---              ┆ ---               │
│ i32    ┆ str         ┆ u32       ┆ f64              ┆ f64               │
╞════════╪═════════════╪═══════════╪══════════════════╪═══════════════════╡
│ 2020   ┆ A.Rodgers   ┆ 567       ┆ 0.341            ┆ 149.160           │
│ 2020   ┆ P.Mahomes   ┆ 649       ┆ 0.291            ┆ 138.453           │
│ 2020   ┆ J.Allen     ┆ 627       ┆ 0.289            ┆ 132.062           │
│ 2020   ┆ R.Tannehill ┆ 525       ┆ 0.256            ┆ 93.314            │
│ 2020   ┆ D.Watson    ┆ 653       ┆ 0.219            ┆ 92.434            │
│ 2020   ┆ T.Brady     ┆ 631       ┆ 0.190            ┆ 71.026            │
│ 2020   ┆ P.Rivers    ┆ 560       ┆ 0.167            ┆ 49.783            │
│ 2020   ┆ B.Mayfield  ┆ 532       ┆ 0.168            ┆ 47.806            │
│ 2020   ┆ K.Cousins   ┆ 569       ┆ 0.161            ┆ 47.057            │
│ 2020   ┆ L.Jackson   ┆ 451       ┆ 0.175            ┆ 43.692            │
└────────┴─────────────┴───────────┴──────────────────┴───────────────────┘

Cohort: data/processed/20260915T175345583592Z/dropbacks.parquet
Leaderboard: reports/tables/20260915T175345583592Z/passing_baseline.csv
Manifest: data/metadata/20260915T175345583592Z/cohort_manifest.json
