Dropbacks: 19,932
Schedule adjustment sum: 0.0000000000

Experimental leaderboard; minimum 100 dropbacks:
shape: (15, 6)
┌───────────────┬───────────┬────────────┬───────────────────┬─────────────────┬─────────────────┐
│ player        ┆ dropbacks ┆ raw_epa_db ┆ schedule_delta_db ┆ adjusted_epa_db ┆ adjusted_epa_aa │
│ ---           ┆ ---       ┆ ---        ┆ ---               ┆ ---             ┆ ---             │
│ str           ┆ u32       ┆ f64        ┆ f64               ┆ f64             ┆ f64             │
╞═══════════════╪═══════════╪════════════╪═══════════════════╪═════════════════╪═════════════════╡
│ A.Rodgers     ┆ 567       ┆ 0.3410     ┆ -0.0078           ┆ 0.3332          ┆ 144.7556        │
│ P.Mahomes     ┆ 649       ┆ 0.2912     ┆ -0.0011           ┆ 0.2901          ┆ 137.7528        │
│ J.Allen       ┆ 627       ┆ 0.2885     ┆ -0.0004           ┆ 0.2881          ┆ 131.8017        │
│ R.Tannehill   ┆ 525       ┆ 0.2556     ┆ -0.0029           ┆ 0.2527          ┆ 91.7745         │
│ D.Watson      ┆ 653       ┆ 0.2194     ┆ -0.0052           ┆ 0.2142          ┆ 89.0134         │
│ T.Brady       ┆ 631       ┆ 0.1904     ┆ 0.0055            ┆ 0.1960          ┆ 74.5231         │
│ J.Garoppolo   ┆ 155       ┆ 0.1658     ┆ 0.0150            ┆ 0.1807          ┆ 15.9416         │
│ R.Fitzpatrick ┆ 295       ┆ 0.1783     ┆ -0.0075           ┆ 0.1708          ┆ 27.4175         │
│ B.Mayfield    ┆ 532       ┆ 0.1677     ┆ 0.0013            ┆ 0.1690          ┆ 48.4772         │
│ L.Jackson     ┆ 451       ┆ 0.1748     ┆ -0.0059           ┆ 0.1689          ┆ 41.0501         │
│ D.Brees       ┆ 403       ┆ 0.1543     ┆ 0.0040            ┆ 0.1583          ┆ 32.4118         │
│ K.Cousins     ┆ 569       ┆ 0.1606     ┆ -0.0130           ┆ 0.1476          ┆ 39.6847         │
│ P.Rivers      ┆ 560       ┆ 0.1668     ┆ -0.0218           ┆ 0.1450          ┆ 37.5918         │
│ R.Wilson      ┆ 657       ┆ 0.1319     ┆ 0.0093            ┆ 0.1411          ┆ 41.5534         │
│ J.Herbert     ┆ 648       ┆ 0.1391     ┆ 0.0002            ┆ 0.1394          ┆ 39.8417         │
└───────────────┴───────────┴────────────┴───────────────────┴─────────────────┴─────────────────┘

Leaderboard: reports/tables/20260915T175346542038Z/opponent_adjusted_leaderboard.csv
Scored plays: data/processed/20260915T175346542038Z/schedule_adjusted_dropbacks.parquet
Manifest: data/metadata/20260915T175346542038Z/schedule_manifest.json
