Scored-play checksum verified.

Observed rates and central 95% game-resampling ranges:
shape: (15, 6)
┌───────────────┬──────────────────────┬───────────┬─────────────────┬─────────────────────┬─────────────────────┐
│ player        ┆ games_with_dropbacks ┆ dropbacks ┆ adjusted_epa_db ┆ resampled_rate_p025 ┆ resampled_rate_p975 │
│ ---           ┆ ---                  ┆ ---       ┆ ---             ┆ ---                 ┆ ---                 │
│ str           ┆ i64                  ┆ i64       ┆ f64             ┆ f64                 ┆ f64                 │
╞═══════════════╪══════════════════════╪═══════════╪═════════════════╪═════════════════════╪═════════════════════╡
│ A.Rodgers     ┆ 16                   ┆ 567       ┆ 0.3332          ┆ 0.1761              ┆ 0.4836              │
│ P.Mahomes     ┆ 15                   ┆ 649       ┆ 0.2901          ┆ 0.1774              ┆ 0.4120              │
│ J.Allen       ┆ 16                   ┆ 627       ┆ 0.2881          ┆ 0.1713              ┆ 0.4087              │
│ R.Tannehill   ┆ 16                   ┆ 525       ┆ 0.2527          ┆ 0.1323              ┆ 0.3762              │
│ D.Watson      ┆ 16                   ┆ 653       ┆ 0.2142          ┆ 0.1213              ┆ 0.3101              │
│ T.Brady       ┆ 16                   ┆ 631       ┆ 0.1960          ┆ 0.0316              ┆ 0.3552              │
│ J.Garoppolo   ┆ 6                    ┆ 155       ┆ 0.1807          ┆ -0.2041             ┆ 0.5213              │
│ R.Fitzpatrick ┆ 9                    ┆ 295       ┆ 0.1708          ┆ -0.0113             ┆ 0.3933              │
│ B.Mayfield    ┆ 16                   ┆ 532       ┆ 0.1690          ┆ 0.0018              ┆ 0.3397              │
│ L.Jackson     ┆ 15                   ┆ 451       ┆ 0.1689          ┆ 0.0284              ┆ 0.3136              │
│ D.Brees       ┆ 12                   ┆ 403       ┆ 0.1583          ┆ 0.0640              ┆ 0.2610              │
│ K.Cousins     ┆ 16                   ┆ 569       ┆ 0.1476          ┆ 0.0546              ┆ 0.2366              │
│ P.Rivers      ┆ 16                   ┆ 560       ┆ 0.1450          ┆ 0.0328              ┆ 0.2552              │
│ R.Wilson      ┆ 16                   ┆ 657       ┆ 0.1411          ┆ 0.0353              ┆ 0.2528              │
│ J.Herbert     ┆ 15                   ┆ 648       ┆ 0.1394          ┆ -0.0096             ┆ 0.2800              │
└───────────────┴──────────────────────┴───────────┴─────────────────┴─────────────────────┴─────────────────────┘

Report: reports/tables/20260915T175346961342Z/player_game_variability.csv
Manifest: data/metadata/20260915T175346961342Z/variability_manifest.json
