Snapshot checksum verified.

Sequential cohort exclusions:
  regular_season: excluded 1,921; remaining 45,339
  flagged_dropback: excluded 25,417; remaining 19,922
  not_two_point_attempt: excluded 82; remaining 19,840
  not_spike: excluded 0; remaining 19,840
  not_kneel: excluded 0; remaining 19,840
  supported_play_type: excluded 0; remaining 19,840
  finite_epa: excluded 1; remaining 19,839

Final dropbacks: 19,839
Identity fallbacks: 2
Player-season rows: 108

League reference:
shape: (1, 3)
┌────────┬──────────────────┬─────────────────────────┐
│ season ┆ league_dropbacks ┆ league_epa_per_dropback │
│ ---    ┆ ---              ┆ ---                     │
│ i32    ┆ u32              ┆ f64                     │
╞════════╪══════════════════╪═════════════════════════╡
│ 2019   ┆ 19839            ┆ 0.042289                │
└────────┴──────────────────┴─────────────────────────┘

Efficiency: minimum 100 dropbacks
shape: (10, 5)
┌────────┬─────────────┬───────────┬──────────────────┬───────────────────┐
│ season ┆ player      ┆ dropbacks ┆ epa_per_dropback ┆ epa_above_average │
│ ---    ┆ ---         ┆ ---       ┆ ---              ┆ ---               │
│ i32    ┆ str         ┆ u32       ┆ f64              ┆ f64               │
╞════════╪═════════════╪═══════════╪══════════════════╪═══════════════════╡
│ 2019   ┆ L.Jackson   ┆ 459       ┆ 0.371            ┆ 150.757           │
│ 2019   ┆ P.Mahomes   ┆ 524       ┆ 0.280            ┆ 124.349           │
│ 2019   ┆ D.Brees     ┆ 385       ┆ 0.244            ┆ 77.649            │
│ 2019   ┆ R.Tannehill ┆ 329       ┆ 0.228            ┆ 60.982            │
│ 2019   ┆ M.Stafford  ┆ 316       ┆ 0.220            ┆ 56.282            │
│ 2019   ┆ D.Prescott  ┆ 638       ┆ 0.198            ┆ 99.251            │
│ 2019   ┆ K.Cousins   ┆ 481       ┆ 0.171            ┆ 61.927            │
│ 2019   ┆ J.Garoppolo ┆ 522       ┆ 0.159            ┆ 61.116            │
│ 2019   ┆ D.Carr      ┆ 554       ┆ 0.154            ┆ 61.611            │
│ 2019   ┆ D.Watson    ┆ 580       ┆ 0.151            ┆ 63.072            │
└────────┴─────────────┴───────────┴──────────────────┴───────────────────┘

Accumulated value above average: minimum 100 dropbacks
shape: (10, 5)
┌────────┬─────────────┬───────────┬──────────────────┬───────────────────┐
│ season ┆ player      ┆ dropbacks ┆ epa_per_dropback ┆ epa_above_average │
│ ---    ┆ ---         ┆ ---       ┆ ---              ┆ ---               │
│ i32    ┆ str         ┆ u32       ┆ f64              ┆ f64               │
╞════════╪═════════════╪═══════════╪══════════════════╪═══════════════════╡
│ 2019   ┆ L.Jackson   ┆ 459       ┆ 0.371            ┆ 150.757           │
│ 2019   ┆ P.Mahomes   ┆ 524       ┆ 0.280            ┆ 124.349           │
│ 2019   ┆ D.Prescott  ┆ 638       ┆ 0.198            ┆ 99.251            │
│ 2019   ┆ D.Brees     ┆ 385       ┆ 0.244            ┆ 77.649            │
│ 2019   ┆ D.Watson    ┆ 580       ┆ 0.151            ┆ 63.072            │
│ 2019   ┆ K.Cousins   ┆ 481       ┆ 0.171            ┆ 61.927            │
│ 2019   ┆ D.Carr      ┆ 554       ┆ 0.154            ┆ 61.611            │
│ 2019   ┆ J.Garoppolo ┆ 522       ┆ 0.159            ┆ 61.116            │
│ 2019   ┆ R.Tannehill ┆ 329       ┆ 0.228            ┆ 60.982            │
│ 2019   ┆ M.Stafford  ┆ 316       ┆ 0.220            ┆ 56.282            │
└────────┴─────────────┴───────────┴──────────────────┴───────────────────┘

Cohort: data/processed/20260915T175343660537Z/dropbacks.parquet
Leaderboard: reports/tables/20260915T175343660537Z/passing_baseline.csv
Manifest: data/metadata/20260915T175343660537Z/cohort_manifest.json
