Dropbacks: 19,839
Schedule adjustment sum: 0.0000000000

Experimental leaderboard; minimum 100 dropbacks:
shape: (15, 6)
┌───────────────┬───────────┬────────────┬───────────────────┬─────────────────┬─────────────────┐
│ player        ┆ dropbacks ┆ raw_epa_db ┆ schedule_delta_db ┆ adjusted_epa_db ┆ adjusted_epa_aa │
│ ---           ┆ ---       ┆ ---        ┆ ---               ┆ ---             ┆ ---             │
│ str           ┆ u32       ┆ f64        ┆ f64               ┆ f64             ┆ f64             │
╞═══════════════╪═══════════╪════════════╪═══════════════════╪═════════════════╪═════════════════╡
│ L.Jackson     ┆ 459       ┆ 0.3707     ┆ -0.0013           ┆ 0.3694          ┆ 150.1645        │
│ P.Mahomes     ┆ 524       ┆ 0.2796     ┆ -0.0008           ┆ 0.2788          ┆ 123.9102        │
│ D.Brees       ┆ 385       ┆ 0.2440     ┆ 0.0039            ┆ 0.2479          ┆ 79.1498         │
│ R.Tannehill   ┆ 329       ┆ 0.2276     ┆ -0.0081           ┆ 0.2195          ┆ 58.3056         │
│ M.Stafford    ┆ 316       ┆ 0.2204     ┆ -0.0153           ┆ 0.2051          ┆ 51.4537         │
│ D.Prescott    ┆ 638       ┆ 0.1979     ┆ -0.0073           ┆ 0.1905          ┆ 94.5791         │
│ K.Cousins     ┆ 481       ┆ 0.1710     ┆ -0.0020           ┆ 0.1690          ┆ 60.9546         │
│ D.Watson      ┆ 580       ┆ 0.1510     ┆ 0.0113            ┆ 0.1624          ┆ 69.6461         │
│ J.Garoppolo   ┆ 522       ┆ 0.1594     ┆ -0.0010           ┆ 0.1583          ┆ 60.5694         │
│ D.Carr        ┆ 554       ┆ 0.1535     ┆ -0.0010           ┆ 0.1525          ┆ 61.0441         │
│ R.Wilson      ┆ 606       ┆ 0.1213     ┆ 0.0210            ┆ 0.1424          ┆ 60.6441         │
│ J.Goff        ┆ 657       ┆ 0.0982     ┆ 0.0152            ┆ 0.1134          ┆ 46.7152         │
│ T.Bridgewater ┆ 220       ┆ 0.0983     ┆ 0.0084            ┆ 0.1066          ┆ 14.1549         │
│ A.Rodgers     ┆ 630       ┆ 0.0947     ┆ -0.0007           ┆ 0.0941          ┆ 32.6099         │
│ P.Rivers      ┆ 628       ┆ 0.0908     ┆ -0.0062           ┆ 0.0845          ┆ 26.5332         │
└───────────────┴───────────┴────────────┴───────────────────┴─────────────────┴─────────────────┘

Leaderboard: reports/tables/20260915T175344609356Z/opponent_adjusted_leaderboard.csv
Scored plays: data/processed/20260915T175344609356Z/schedule_adjusted_dropbacks.parquet
Manifest: data/metadata/20260915T175344609356Z/schedule_manifest.json
