Scored-play checksum verified.

Observed rates and central 95% game-resampling ranges:
shape: (15, 6)
┌───────────────┬──────────────────────┬───────────┬─────────────────┬─────────────────────┬─────────────────────┐
│ player        ┆ games_with_dropbacks ┆ dropbacks ┆ adjusted_epa_db ┆ resampled_rate_p025 ┆ resampled_rate_p975 │
│ ---           ┆ ---                  ┆ ---       ┆ ---             ┆ ---                 ┆ ---                 │
│ str           ┆ i64                  ┆ i64       ┆ f64             ┆ f64                 ┆ f64                 │
╞═══════════════╪══════════════════════╪═══════════╪═════════════════╪═════════════════════╪═════════════════════╡
│ L.Jackson     ┆ 15                   ┆ 459       ┆ 0.3694          ┆ 0.1886              ┆ 0.5926              │
│ P.Mahomes     ┆ 14                   ┆ 524       ┆ 0.2788          ┆ 0.1556              ┆ 0.4001              │
│ D.Brees       ┆ 11                   ┆ 385       ┆ 0.2479          ┆ 0.0285              ┆ 0.4341              │
│ R.Tannehill   ┆ 11                   ┆ 329       ┆ 0.2195          ┆ 0.0667              ┆ 0.3963              │
│ M.Stafford    ┆ 8                    ┆ 316       ┆ 0.2051          ┆ 0.1539              ┆ 0.2568              │
│ D.Prescott    ┆ 16                   ┆ 638       ┆ 0.1905          ┆ 0.0746              ┆ 0.3243              │
│ K.Cousins     ┆ 15                   ┆ 481       ┆ 0.1690          ┆ -0.0211             ┆ 0.3614              │
│ D.Watson      ┆ 15                   ┆ 580       ┆ 0.1624          ┆ -0.0157             ┆ 0.3552              │
│ J.Garoppolo   ┆ 16                   ┆ 522       ┆ 0.1583          ┆ -0.0073             ┆ 0.3131              │
│ D.Carr        ┆ 16                   ┆ 554       ┆ 0.1525          ┆ 0.0452              ┆ 0.2675              │
│ R.Wilson      ┆ 16                   ┆ 606       ┆ 0.1424          ┆ -0.0125             ┆ 0.2882              │
│ J.Goff        ┆ 16                   ┆ 657       ┆ 0.1134          ┆ -0.0291             ┆ 0.2556              │
│ T.Bridgewater ┆ 7                    ┆ 220       ┆ 0.1066          ┆ -0.0740             ┆ 0.2714              │
│ A.Rodgers     ┆ 16                   ┆ 630       ┆ 0.0941          ┆ -0.0546             ┆ 0.2516              │
│ P.Rivers      ┆ 16                   ┆ 628       ┆ 0.0845          ┆ -0.0575             ┆ 0.2403              │
└───────────────┴──────────────────────┴───────────┴─────────────────┴─────────────────────┴─────────────────────┘

Report: reports/tables/20260915T175345029591Z/player_game_variability.csv
Manifest: data/metadata/20260915T175345029591Z/variability_manifest.json
