Dropbacks: 19,734
Schedule adjustment sum: -0.0000000000

Experimental leaderboard; minimum 100 dropbacks:
shape: (15, 6)
┌────────────┬───────────┬────────────┬───────────────────┬─────────────────┬─────────────────┐
│ player     ┆ dropbacks ┆ raw_epa_db ┆ schedule_delta_db ┆ adjusted_epa_db ┆ adjusted_epa_aa │
│ ---        ┆ ---       ┆ ---        ┆ ---               ┆ ---             ┆ ---             │
│ str        ┆ u32       ┆ f64        ┆ f64               ┆ f64             ┆ f64             │
╞════════════╪═══════════╪════════════╪═══════════════════╪═════════════════╪═════════════════╡
│ D.Maye     ┆ 601       ┆ 0.3165     ┆ -0.0195           ┆ 0.2970          ┆ 152.5864        │
│ J.Love     ┆ 483       ┆ 0.2590     ┆ -0.0050           ┆ 0.2540          ┆ 101.8531        │
│ M.Stafford ┆ 624       ┆ 0.2231     ┆ -0.0027           ┆ 0.2205          ┆ 110.6588        │
│ B.Purdy    ┆ 313       ┆ 0.2064     ┆ 0.0132            ┆ 0.2197          ┆ 55.2461         │
│ P.Mahomes  ┆ 586       ┆ 0.1673     ┆ 0.0155            ┆ 0.1828          ┆ 81.8360         │
│ J.Goff     ┆ 619       ┆ 0.1767     ┆ 0.0025            ┆ 0.1792          ┆ 84.2079         │
│ J.Allen    ┆ 547       ┆ 0.1717     ┆ -0.0041           ┆ 0.1676          ┆ 68.0565         │
│ D.Prescott ┆ 654       ┆ 0.1693     ┆ -0.0068           ┆ 0.1625          ┆ 78.0711         │
│ D.Jones    ┆ 426       ┆ 0.1592     ┆ -0.0008           ┆ 0.1585          ┆ 49.1244         │
│ M.Jones    ┆ 310       ┆ 0.1309     ┆ 0.0121            ┆ 0.1431          ┆ 30.9736         │
│ S.Darnold  ┆ 514       ┆ 0.1305     ┆ 0.0039            ┆ 0.1344          ┆ 46.9201         │
│ C.Stroud   ┆ 468       ┆ 0.1183     ┆ 0.0040            ┆ 0.1223          ┆ 37.0443         │
│ B.Nix      ┆ 669       ┆ 0.1137     ┆ -0.0012           ┆ 0.1125          ┆ 46.4288         │
│ C.Williams ┆ 633       ┆ 0.1115     ┆ -0.0032           ┆ 0.1082          ┆ 41.2091         │
│ J.Burrow   ┆ 284       ┆ 0.0921     ┆ 0.0045            ┆ 0.0966          ┆ 15.1872         │
└────────────┴───────────┴────────────┴───────────────────┴─────────────────┴─────────────────┘

Leaderboard: reports/tables/20260915T175357855355Z/opponent_adjusted_leaderboard.csv
Scored plays: data/processed/20260915T175357855355Z/schedule_adjusted_dropbacks.parquet
Manifest: data/metadata/20260915T175357855355Z/schedule_manifest.json
