Scored-play checksum verified.

Observed rates and central 95% game-resampling ranges:
shape: (15, 6)
┌────────────┬──────────────────────┬───────────┬─────────────────┬─────────────────────┬─────────────────────┐
│ player     ┆ games_with_dropbacks ┆ dropbacks ┆ adjusted_epa_db ┆ resampled_rate_p025 ┆ resampled_rate_p975 │
│ ---        ┆ ---                  ┆ ---       ┆ ---             ┆ ---                 ┆ ---                 │
│ str        ┆ i64                  ┆ i64       ┆ f64             ┆ f64                 ┆ f64                 │
╞════════════╪══════════════════════╪═══════════╪═════════════════╪═════════════════════╪═════════════════════╡
│ D.Maye     ┆ 17                   ┆ 601       ┆ 0.2970          ┆ 0.1768              ┆ 0.4466              │
│ J.Love     ┆ 15                   ┆ 483       ┆ 0.2540          ┆ 0.1461              ┆ 0.3634              │
│ M.Stafford ┆ 17                   ┆ 624       ┆ 0.2205          ┆ 0.1060              ┆ 0.3252              │
│ B.Purdy    ┆ 9                    ┆ 313       ┆ 0.2197          ┆ 0.0192              ┆ 0.3999              │
│ P.Mahomes  ┆ 14                   ┆ 586       ┆ 0.1828          ┆ 0.0590              ┆ 0.2919              │
│ J.Goff     ┆ 17                   ┆ 619       ┆ 0.1792          ┆ 0.0387              ┆ 0.3190              │
│ J.Allen    ┆ 16                   ┆ 547       ┆ 0.1676          ┆ 0.0375              ┆ 0.2895              │
│ D.Prescott ┆ 17                   ┆ 654       ┆ 0.1625          ┆ 0.0566              ┆ 0.2683              │
│ D.Jones    ┆ 13                   ┆ 426       ┆ 0.1585          ┆ 0.0040              ┆ 0.3098              │
│ M.Jones    ┆ 8                    ┆ 310       ┆ 0.1431          ┆ 0.0179              ┆ 0.2745              │
│ S.Darnold  ┆ 17                   ┆ 514       ┆ 0.1344          ┆ -0.0352             ┆ 0.3223              │
│ C.Stroud   ┆ 14                   ┆ 468       ┆ 0.1223          ┆ -0.0077             ┆ 0.2704              │
│ B.Nix      ┆ 17                   ┆ 669       ┆ 0.1125          ┆ 0.0189              ┆ 0.2056              │
│ C.Williams ┆ 17                   ┆ 633       ┆ 0.1082          ┆ 0.0362              ┆ 0.1900              │
│ J.Burrow   ┆ 8                    ┆ 284       ┆ 0.0966          ┆ -0.1343             ┆ 0.3359              │
└────────────┴──────────────────────┴───────────┴─────────────────┴─────────────────────┴─────────────────────┘

Report: reports/tables/20260915T175358341428Z/player_game_variability.csv
Manifest: data/metadata/20260915T175358341428Z/variability_manifest.json
